â† [0;33m--- esp-idf-monitor 1.9.0 on \\.\COM3 115200â† [0m
--- Quit: Ctrl+] | Menu: Ctrl+T | Help: Ctrl+T followed by Ctrl+H
ets Jul 29 2019 12:21:46

rst:0x1 (POWERON_RESET),boot:0x13 (SPI_FAST_FLASH_BOOT)
configsip: 0, SPIWP:0xee
clk_drv:0x00,q_drv:0x00,d_drv:0x00,cs0_drv:0x00,hd_drv:0x00,wp_drv:0x00
mode:DIO, clock div:2
load:0x3fff0030,len:6384
load:0x40078000,len:15916
load:0x40080400,len:3920
--- 0x40080400: _invalid_pc_placeholder at D:/Espressif/frameworks/esp-idf-v5.5.2/components/xtensa/xtensa_vectors.S:2235
entry 0x40080644
I (27) boot: ESP-IDF v5.5.2 2nd stage bootloader
I (27) boot: compile time Feb 20 2026 07:52:05
I (28) boot: Multicore bootloader
I (29) boot: chip revision: v3.0
I (32) boot.esp32: SPI Speed      : 40MHz
I (35) boot.esp32: SPI Mode       : DIO
I (39) boot.esp32: SPI Flash Size : 2MB
I (42) boot: Enabling RNG early entropy source...
I (47) boot: Partition Table:
I (49) boot: ## Label            Usage          Type ST Offset   Length
I (56) boot:  0 nvs              WiFi data        01 02 00009000 00006000
I (62) boot:  1 phy_init         RF data          01 01 0000f000 00001000
I (69) boot:  2 factory          factory app      00 00 00010000 00100000
I (75) boot: End of partition table
I (79) esp_image: segment 0: paddr=00010020 vaddr=3f400020 size=0981ch ( 38940) map
I (99) esp_image: segment 1: paddr=00019844 vaddr=3ffb0000 size=023e0h (  9184) load
I (103) esp_image: segment 2: paddr=0001bc2c vaddr=40080000 size=043ech ( 17388) load
I (110) esp_image: segment 3: paddr=00020020 vaddr=400d0020 size=0f0a4h ( 61604) map
I (132) esp_image: segment 4: paddr=0002f0cc vaddr=400843ec size=08bd0h ( 35792) load
I (146) esp_image: segment 5: paddr=00037ca4 vaddr=50000000 size=00020h (    32) load
I (153) boot: Loaded app from partition at offset 0x10000
I (153) boot: Disabling RNG early entropy source...
I (164) cpu_start: Multicore app
I (172) cpu_start: GPIO 3 and 1 are used as console UART I/O pins
I (173) cpu_start: Pro cpu start user code
I (173) cpu_start: cpu freq: 160000000 Hz
I (175) app_init: Application information:
I (178) app_init: Project name:     app-template
I (183) app_init: App version:      1
I (186) app_init: Compile time:     Feb 20 2026 07:55:28
I (191) app_init: ELF file SHA256:  832efdd98...
I (195) app_init: ESP-IDF:          v5.5.2
I (199) efuse_init: Min chip rev:     v0.0
I (203) efuse_init: Max chip rev:     v3.99 
I (207) efuse_init: Chip rev:         v3.0
I (211) heap_init: Initializing. RAM available for dynamic allocation:
I (217) heap_init: At 3FFAE6E0 len 00001920 (6 KiB): DRAM
I (222) heap_init: At 3FFB2CC0 len 0002D340 (180 KiB): DRAM
I (228) heap_init: At 3FFE0440 len 00003AE0 (14 KiB): D/IRAM
I (233) heap_init: At 3FFE4350 len 0001BCB0 (111 KiB): D/IRAM
I (239) heap_init: At 4008CFBC len 00013044 (76 KiB): IRAM
W (245) spi_flash: Detected boya flash chip but using generic driver. For optimal functionality, enable `SPI_FLASH_SUPPORT_BOYA_CHIP` in menuconfig
I (257) spi_flash: detected chip: generic
I (260) spi_flash: flash io: dio
W (263) spi_flash: Detected size(4096k) larger than the size in the binary image header(2048k). Using the size in the binary image header.
I (276) main_task: Started on CPU0
I (286) main_task: Calling app_main()
System Started

[Sensor Task] Reading sensors...
[Sensor Task] Sensor 1 = 84
[Sensor Task] Sensor 2 = 29
[Sensor Task] Sensor 3 = 64
[Sensor Task] Sensor 4 = 74
[Sensor Task] Sensor 5 = 66
I (296) main_task: Returned from app_main()

[Communication Task] Sending data to server...
[Communication Task] Sensor 1 data sent = 84
[Communication Task] Sensor 2 data sent = 29
[Communication Task] Sensor 3 data sent = 64
[Communication Task] Sensor 4 data sent = 74
[Communication Task] Sensor 5 data sent = 66
[Communication Task] Data sent successfully

[Sensor Task] Reading sensors...
[Sensor Task] Sensor 1 = 53
[Sensor Task] Sensor 2 = 49
[Sensor Task] Sensor 3 = 41
[Sensor Task] Sensor 4 = 2
[Sensor Task] Sensor 5 = 60

[Sensor Task] Reading sensors...
[Sensor Task] Sensor 1 = 38
[Sensor Task] Sensor 2 = 23
[Sensor Task] Sensor 3 = 21
[Sensor Task] Sensor 4 = 47
[Sensor Task] Sensor 5 = 58

[Communication Task] Sending data to server...
[Communication Task] Sensor 1 data sent = 38
[Communication Task] Sensor 2 data sent = 23
[Communication Task] Sensor 3 data sent = 21
[Communication Task] Sensor 4 data sent = 47
[Communication Task] Sensor 5 data sent = 58
[Communication Task] Data sent successfully

[Sensor Task] Reading sensors...
[Sensor Task] Sensor 1 = 3
[Sensor Task] Sensor 2 = 29
[Sensor Task] Sensor 3 = 89
[Sensor Task] Sensor 4 = 81
[Sensor Task] Sensor 5 = 70

[Sensor Task] Reading sensors...
[Sensor Task] Sensor 1 = 16
[Sensor Task] Sensor 2 = 7
[Sensor Task] Sensor 3 = 14
[Sensor Task] Sensor 4 = 59
[Sensor Task] Sensor 5 = 62

[Sensor Task] Reading sensors...
[Sensor Task] Sensor 1 = 64
[Sensor Task] Sensor 2 = 2
[Sensor Task] Sensor 3 = 63
[Sensor Task] Sensor 4 = 67
[Sensor Task] Sensor 5 = 30

[Communication Task] Sending data to server...
[Communication Task] Sensor 1 data sent = 64
[Communication Task] Sensor 2 data sent = 2
[Communication Task] Sensor 3 data sent = 63
[Communication Task] Sensor 4 data sent = 67
[Communication Task] Sensor 5 data sent = 30
[Communication Task] Data sent successfully

[Sensor Task] Reading sensors...
[Sensor Task] Sensor 1 = 80
[Sensor Task] Sensor 2 = 29
[Sensor Task] Sensor 3 = 7
[Sensor Task] Sensor 4 = 40
[Sensor Task] Sensor 5 = 93

